// Jest Snapshot v1, https://goo.gl/fbAQLP

exports[`Создание Modal окна Получение окна 1`] = `
"function getAuthFormHTML() {
  /* istanbul ignore next */
  cov_qjdhe30ap().f[2]++;
  cov_qjdhe30ap().s[4]++;
  return \`
    <ul class=\\"mui-tabs__bar\\">
        <li class=\\"mui--is-active\\">
            <a data-mui-toggle=\\"tab\\" data-mui-controls=\\"pane-default-1\\">Авторизация</a>
        </li>
        <li>
            <a data-mui-toggle=\\"tab\\" data-mui-controls=\\"pane-default-2\\">Регистрация</a>
        </li>
    </ul>
    <div class=\\"mui-tabs__pane mui--is-active\\" id=\\"pane-default-1\\">\` + AuthFormHTML() + \`</div>
    <div class=\\"mui-tabs__pane\\" id=\\"pane-default-2\\">\` + regFormHTML() + \\"</div>\\";
}"
`;
